// Jest Snapshot v1, https://goo.gl/fbAQLP

exports[`Testing createApp hook should add the necessary imports 1`] = `
"import {
    OpenTelemetryModule,
    PipeInjector,
    ControllerInjector,
    EventEmitterInjector,
    GraphQLResolverInjector,
    GuardInjector,
} from "@amplication/opentelemetry-nestjs";

import { HttpInstrumentation } from "@opentelemetry/instrumentation-http";
import { OTLPTraceExporter } from "@opentelemetry/exporter-trace-otlp-grpc";
import { BatchSpanProcessor } from "@opentelemetry/sdk-trace-node";"
`;

exports[`Testing createApp hook should add the opentelemetry module to the modules list 1`] = `
"[OpenTelemetryModule.forRoot({
    serviceName: "sample-service",
    spanProcessor: new BatchSpanProcessor(new OTLPTraceExporter()),

    instrumentations: [new HttpInstrumentation({
        requestHook: (span, request) => {
            if (request.method)
                span.setAttribute("http.method", request.method);
        }
    })],

    traceAutoInjectors: [
        ControllerInjector,
        EventEmitterInjector,
        GraphQLResolverInjector,
        GuardInjector,
        PipeInjector
    ]
})]"
`;
